// Jest Snapshot v1, https://goo.gl/fbAQLP

exports[`ProductDetails renders correctly 1`] = `
<div>
  <h2>
    Philips hue bulb
  </h2>
  <h3>
    500,-
  </h3>
  <div>
    <img
      alt="Philips hue bulb"
      src="/products/1.jpg"
    />
  </div>
  <div>
    <div>
      <p>
        Philips hue bulb
      </p>
      <p>
        Brand: 
        Philips
      </p>
      <p>
        Availability: 
        In stock
      </p>
      <p>
        Weight: 
        0.2
        kg
      </p>
    </div>
    <div>
      <div>
        <p>
          Colors:
        </p>
        <div>
          <div>
            <input
              defaultChecked={true}
              name="color"
              onClick={[Function]}
              type="radio"
              value="white"
            />
             
            white
          </div>
          <div>
            <input
              defaultChecked={false}
              name="color"
              onClick={[Function]}
              type="radio"
              value="red"
            />
             
            red
          </div>
        </div>
      </div>
      <div
        className="undefined"
      >
        <p>
          Power:
        </p>
        <div />
      </div>
      <div
        className="undefined"
      >
        <p>
          Storage:
        </p>
        <div />
      </div>
    </div>
    <button
      className="undefined"
      onClick={[Function]}
    >
      Add to Cart
    </button>
  </div>
</div>
`;
